ðŸŒŸ This was machine generated.  Do not edit. ðŸŒŸ

Frame[0] 
Name: {level="info", location="moon", protocol="http"}
Dimensions: 2 Fields by 2 Rows
+-------------------------------+--------------------------------------------------+
| Name: time                    | Name: value                                      |
| Labels:                       | Labels: level=info, location=moon, protocol=http |
| Type: []time.Time             | Type: []float64                                  |
+-------------------------------+--------------------------------------------------+
| 2022-01-24 10:53:31 +0000 UTC | +Inf                                             |
| 2022-01-24 10:58:31 +0000 UTC | -Inf                                             |
+-------------------------------+--------------------------------------------------+


====== TEST DATA RESPONSE (arrow base64) ======
FRAME=QVJST1cxAAD/////YAIAABAAAAAAAAoADgAMAAsABAAKAAAAFAAAAAAAAAEEAAoADAAAAAgABAAKAAAACAAAAIAAAAACAAAAKAAAAAQAAAAw/v//CAAAAAwAAAAAAAAAAAAAAAUAAAByZWZJZAAAAFD+//8IAAAAPAAAADAAAAB7bGV2ZWw9ImluZm8iLCBsb2NhdGlvbj0ibW9vbiIsIHByb3RvY29sPSJodHRwIn0AAAAABAAAAG5hbWUAAAAAAgAAADwBAAAEAAAA3v7//xQAAAAEAQAABAEAAAAAAAMEAQAAAwAAAIQAAAAsAAAABAAAANT+//8IAAAAEAAAAAUAAAB2YWx1ZQAAAAQAAABuYW1lAAAAAPj+//8IAAAAQAAAADQAAAB7ImxldmVsIjoiaW5mbyIsImxvY2F0aW9uIjoibW9vbiIsInByb3RvY29sIjoiaHR0cCJ9AAAAAAYAAABsYWJlbHMAAEz///8IAAAAWAAAAE4AAAB7ImRpc3BsYXlOYW1lRnJvbURTIjoie2xldmVsPVwiaW5mb1wiLCBsb2NhdGlvbj1cIm1vb25cIiwgcHJvdG9jb2w9XCJodHRwXCJ9In0AAAYAAABjb25maWcAAAAAAACK////AAACAAUAAAB2YWx1ZQASABgAFAAAABMADAAAAAgABAASAAAAFAAAAEQAAABMAAAAAAAACkwAAAABAAAADAAAAAgADAAIAAQACAAAAAgAAAAQAAAABAAAAHRpbWUAAAAABAAAAG5hbWUAAAAAAAAAAAAABgAIAAYABgAAAAAAAwAEAAAAdGltZQAAAAAAAAAA/////7gAAAAUAAAAAAAAAAwAFgAUABMADAAEAAwAAAAgAAAAAAAAABQAAAAAAAADBAAKABgADAAIAAQACgAAABQAAABYAAAAAgAAAAAAAAAAAAAABAAAAAAAAAAAAAAAAAAAAAAAAAAAAAAAAAAAABAAAAAAAAAAEAAAAAAAAAAAAAAAAAAAABAAAAAAAAAAEAAAAAAAAAAAAAAAAgAAAAIAAAAAAAAAAAAAAAAAAAACAAAAAAAAAAAAAAAAAAAAAO7xOXMvzRYAplYTuS/NFgAAAAAAAPB/AAAAAAAA8P8QAAAADAAUABIADAAIAAQADAAAABAAAAAsAAAAOAAAAAAABAABAAAAcAIAAAAAAADAAAAAAAAAACAAAAAAAAAAAAAAAAAAAAAAAAoADAAAAAgABAAKAAAACAAAAIAAAAACAAAAKAAAAAQAAAAw/v//CAAAAAwAAAAAAAAAAAAAAAUAAAByZWZJZAAAAFD+//8IAAAAPAAAADAAAAB7bGV2ZWw9ImluZm8iLCBsb2NhdGlvbj0ibW9vbiIsIHByb3RvY29sPSJodHRwIn0AAAAABAAAAG5hbWUAAAAAAgAAADwBAAAEAAAA3v7//xQAAAAEAQAABAEAAAAAAAMEAQAAAwAAAIQAAAAsAAAABAAAANT+//8IAAAAEAAAAAUAAAB2YWx1ZQAAAAQAAABuYW1lAAAAAPj+//8IAAAAQAAAADQAAAB7ImxldmVsIjoiaW5mbyIsImxvY2F0aW9uIjoibW9vbiIsInByb3RvY29sIjoiaHR0cCJ9AAAAAAYAAABsYWJlbHMAAEz///8IAAAAWAAAAE4AAAB7ImRpc3BsYXlOYW1lRnJvbURTIjoie2xldmVsPVwiaW5mb1wiLCBsb2NhdGlvbj1cIm1vb25cIiwgcHJvdG9jb2w9XCJodHRwXCJ9In0AAAYAAABjb25maWcAAAAAAACK////AAACAAUAAAB2YWx1ZQASABgAFAAAABMADAAAAAgABAASAAAAFAAAAEQAAABMAAAAAAAACkwAAAABAAAADAAAAAgADAAIAAQACAAAAAgAAAAQAAAABAAAAHRpbWUAAAAABAAAAG5hbWUAAAAAAAAAAAAABgAIAAYABgAAAAAAAwAEAAAAdGltZQAAAACIAgAAQVJST1cx
