ðŸŒŸ This was machine generated.  Do not edit. ðŸŒŸ

Frame[0] 
Name: {}
Dimensions: 2 Fields by 2 Rows
+-------------------------------+-----------------+
| Name: time                    | Name: value     |
| Labels:                       | Labels:         |
| Type: []time.Time             | Type: []float64 |
+-------------------------------+-----------------+
| 2022-01-24 08:54:10 +0000 UTC | NaN             |
| 2022-01-24 08:59:10 +0000 UTC | NaN             |
+-------------------------------+-----------------+


====== TEST DATA RESPONSE (arrow base64) ======
FRAME=QVJST1cxAAD/////yAEAABAAAAAAAAoADgAMAAsABAAKAAAAFAAAAAAAAAEEAAoADAAAAAgABAAKAAAACAAAAFAAAAACAAAAKAAAAAQAAADI/v//CAAAAAwAAAAAAAAAAAAAAAUAAAByZWZJZAAAAOj+//8IAAAADAAAAAIAAAB7fQAABAAAAG5hbWUAAAAAAgAAANQAAAAEAAAARv///xQAAACcAAAAnAAAAAAAAAOcAAAAAwAAAFAAAAAsAAAABAAAADz///8IAAAAEAAAAAUAAAB2YWx1ZQAAAAQAAABuYW1lAAAAAGD///8IAAAADAAAAAIAAAB7fQAABgAAAGxhYmVscwAAgP///wgAAAAkAAAAGgAAAHsiZGlzcGxheU5hbWVGcm9tRFMiOiJ7fSJ9AAAGAAAAY29uZmlnAAAAAAAAiv///wAAAgAFAAAAdmFsdWUAEgAYABQAAAATAAwAAAAIAAQAEgAAABQAAABEAAAATAAAAAAAAApMAAAAAQAAAAwAAAAIAAwACAAEAAgAAAAIAAAAEAAAAAQAAAB0aW1lAAAAAAQAAABuYW1lAAAAAAAAAAAAAAYACAAGAAYAAAAAAAMABAAAAHRpbWUAAAAAAAAAAP////+4AAAAFAAAAAAAAAAMABYAFAATAAwABAAMAAAAIAAAAAAAAAAUAAAAAAAAAwQACgAYAAwACAAEAAoAAAAUAAAAWAAAAAIAAAAAAAAAAAAAAAQAAAAAAAAAAAAAAAAAAAAAAAAAAAAAAAAAAAAQAAAAAAAAABAAAAAAAAAAAAAAAAAAAAAQAAAAAAAAABAAAAAAAAAAAAAAAAIAAAACAAAAAAAAAAAAAAAAAAAAAgAAAAAAAAAAAAAAAAAAAAB0Fe3vKM0WACx6xjUpzRYBAAAAAAD4fwEAAAAAAPh/EAAAAAwAFAASAAwACAAEAAwAAAAQAAAALAAAADgAAAAAAAQAAQAAANgBAAAAAAAAwAAAAAAAAAAgAAAAAAAAAAAAAAAAAAAAAAAKAAwAAAAIAAQACgAAAAgAAABQAAAAAgAAACgAAAAEAAAAyP7//wgAAAAMAAAAAAAAAAAAAAAFAAAAcmVmSWQAAADo/v//CAAAAAwAAAACAAAAe30AAAQAAABuYW1lAAAAAAIAAADUAAAABAAAAEb///8UAAAAnAAAAJwAAAAAAAADnAAAAAMAAABQAAAALAAAAAQAAAA8////CAAAABAAAAAFAAAAdmFsdWUAAAAEAAAAbmFtZQAAAABg////CAAAAAwAAAACAAAAe30AAAYAAABsYWJlbHMAAID///8IAAAAJAAAABoAAAB7ImRpc3BsYXlOYW1lRnJvbURTIjoie30ifQAABgAAAGNvbmZpZwAAAAAAAIr///8AAAIABQAAAHZhbHVlABIAGAAUAAAAEwAMAAAACAAEABIAAAAUAAAARAAAAEwAAAAAAAAKTAAAAAEAAAAMAAAACAAMAAgABAAIAAAACAAAABAAAAAEAAAAdGltZQAAAAAEAAAAbmFtZQAAAAAAAAAAAAAGAAgABgAGAAAAAAADAAQAAAB0aW1lAAAAAPABAABBUlJPVzE=
