ðŸŒŸ This was machine generated.  Do not edit. ðŸŒŸ

Frame[0] 
Name: {level="error", location="moon"}
Dimensions: 2 Fields by 4 Rows
+-------------------------------+------------------------------------+
| Name: time                    | Name: value                        |
| Labels:                       | Labels: level=error, location=moon |
| Type: []time.Time             | Type: []float64                    |
+-------------------------------+------------------------------------+
| 2021-12-10 08:36:06 +0000 UTC | 0.4                                |
| 2021-12-10 08:36:46 +0000 UTC | 0.2                                |
| 2021-12-10 08:36:56 +0000 UTC | 0.2                                |
| 2021-12-10 08:37:46 +0000 UTC | 0.6                                |
+-------------------------------+------------------------------------+



Frame[1] 
Name: {level="info", location="mars"}
Dimensions: 2 Fields by 5 Rows
+-------------------------------+-----------------------------------+
| Name: time                    | Name: value                       |
| Labels:                       | Labels: level=info, location=mars |
| Type: []time.Time             | Type: []float64                   |
+-------------------------------+-----------------------------------+
| 2021-12-10 08:36:26 +0000 UTC | 0.6                               |
| 2021-12-10 08:36:36 +0000 UTC | 0.8                               |
| 2021-12-10 08:36:46 +0000 UTC | 0.8                               |
| 2021-12-10 08:36:56 +0000 UTC | 0.8                               |
| 2021-12-10 08:37:56 +0000 UTC | 2.6                               |
+-------------------------------+-----------------------------------+


====== TEST DATA RESPONSE (arrow base64) ======
FRAME=QVJST1cxAAD/////KAIAABAAAAAAAAoADgAMAAsABAAKAAAAFAAAAAAAAAEDAAoADAAAAAgABAAKAAAACAAAAHAAAAACAAAAKAAAAAQAAABk/v//CAAAAAwAAAAAAAAAAAAAAAUAAAByZWZJZAAAAIT+//8IAAAALAAAACAAAAB7bGV2ZWw9ImVycm9yIiwgbG9jYXRpb249Im1vb24ifQAAAAAEAAAAbmFtZQAAAAACAAAAGAEAAAQAAAAC////FAAAAOAAAADgAAAAAAAAA+AAAAADAAAAcAAAACwAAAAEAAAA+P7//wgAAAAQAAAABQAAAHZhbHVlAAAABAAAAG5hbWUAAAAAHP///wgAAAAsAAAAIwAAAHsibGV2ZWwiOiJlcnJvciIsImxvY2F0aW9uIjoibW9vbiJ9AAYAAABsYWJlbHMAAFz///8IAAAASAAAADwAAAB7ImRpc3BsYXlOYW1lRnJvbURTIjoie2xldmVsPVwiZXJyb3JcIiwgbG9jYXRpb249XCJtb29uXCJ9In0AAAAABgAAAGNvbmZpZwAAAAAAAIr///8AAAIABQAAAHZhbHVlABIAGAAUAAAAEwAMAAAACAAEABIAAAAUAAAARAAAAEwAAAAAAAAKTAAAAAEAAAAMAAAACAAMAAgABAAIAAAACAAAABAAAAAEAAAAdGltZQAAAAAEAAAAbmFtZQAAAAAAAAAAAAAGAAgABgAGAAAAAAADAAQAAAB0aW1lAAAAAP////+4AAAAFAAAAAAAAAAMABYAFAATAAwABAAMAAAAQAAAAAAAAAAUAAAAAAAAAwMACgAYAAwACAAEAAoAAAAUAAAAWAAAAAQAAAAAAAAAAAAAAAQAAAAAAAAAAAAAAAAAAAAAAAAAAAAAAAAAAAAgAAAAAAAAACAAAAAAAAAAAAAAAAAAAAAgAAAAAAAAACAAAAAAAAAAAAAAAAIAAAAEAAAAAAAAAAAAAAAAAAAABAAAAAAAAAAAAAAAAAAAAAAcw/7VV78WAKzyTt9XvxYAkP6i4Ve/FgAEOkftV78WmpmZmZmZ2T+amZmZmZnJP5qZmZmZmck/MzMzMzMz4z8QAAAADAAUABIADAAIAAQADAAAABAAAAAsAAAAPAAAAAAAAwABAAAAOAIAAAAAAADAAAAAAAAAAEAAAAAAAAAAAAAAAAAAAAAAAAAAAAAKAAwAAAAIAAQACgAAAAgAAABwAAAAAgAAACgAAAAEAAAAZP7//wgAAAAMAAAAAAAAAAAAAAAFAAAAcmVmSWQAAACE/v//CAAAACwAAAAgAAAAe2xldmVsPSJlcnJvciIsIGxvY2F0aW9uPSJtb29uIn0AAAAABAAAAG5hbWUAAAAAAgAAABgBAAAEAAAAAv///xQAAADgAAAA4AAAAAAAAAPgAAAAAwAAAHAAAAAsAAAABAAAAPj+//8IAAAAEAAAAAUAAAB2YWx1ZQAAAAQAAABuYW1lAAAAABz///8IAAAALAAAACMAAAB7ImxldmVsIjoiZXJyb3IiLCJsb2NhdGlvbiI6Im1vb24ifQAGAAAAbGFiZWxzAABc////CAAAAEgAAAA8AAAAeyJkaXNwbGF5TmFtZUZyb21EUyI6IntsZXZlbD1cImVycm9yXCIsIGxvY2F0aW9uPVwibW9vblwifSJ9AAAAAAYAAABjb25maWcAAAAAAACK////AAACAAUAAAB2YWx1ZQASABgAFAAAABMADAAAAAgABAASAAAAFAAAAEQAAABMAAAAAAAACkwAAAABAAAADAAAAAgADAAIAAQACAAAAAgAAAAQAAAABAAAAHRpbWUAAAAABAAAAG5hbWUAAAAAAAAAAAAABgAIAAYABgAAAAAAAwAEAAAAdGltZQAAAABYAgAAQVJST1cx
FRAME=QVJST1cxAAD/////IAIAABAAAAAAAAoADgAMAAsABAAKAAAAFAAAAAAAAAEDAAoADAAAAAgABAAKAAAACAAAAGwAAAACAAAAKAAAAAQAAABs/v//CAAAAAwAAAAAAAAAAAAAAAUAAAByZWZJZAAAAIz+//8IAAAAKAAAAB8AAAB7bGV2ZWw9ImluZm8iLCBsb2NhdGlvbj0ibWFycyJ9AAQAAABuYW1lAAAAAAIAAAAUAQAABAAAAAb///8UAAAA3AAAANwAAAAAAAAD3AAAAAMAAABwAAAALAAAAAQAAAD8/v//CAAAABAAAAAFAAAAdmFsdWUAAAAEAAAAbmFtZQAAAAAg////CAAAACwAAAAiAAAAeyJsZXZlbCI6ImluZm8iLCJsb2NhdGlvbiI6Im1hcnMifQAABgAAAGxhYmVscwAAYP///wgAAABEAAAAOwAAAHsiZGlzcGxheU5hbWVGcm9tRFMiOiJ7bGV2ZWw9XCJpbmZvXCIsIGxvY2F0aW9uPVwibWFyc1wifSJ9AAYAAABjb25maWcAAAAAAACK////AAACAAUAAAB2YWx1ZQASABgAFAAAABMADAAAAAgABAASAAAAFAAAAEQAAABMAAAAAAAACkwAAAABAAAADAAAAAgADAAIAAQACAAAAAgAAAAQAAAABAAAAHRpbWUAAAAABAAAAG5hbWUAAAAAAAAAAAAABgAIAAYABgAAAAAAAwAEAAAAdGltZQAAAAD/////uAAAABQAAAAAAAAADAAWABQAEwAMAAQADAAAAFAAAAAAAAAAFAAAAAAAAAMDAAoAGAAMAAgABAAKAAAAFAAAAFgAAAAFAAAAAAAAAAAAAAAEAAAAAAAAAAAAAAAAAAAAAAAAAAAAAAAAAAAAKAAAAAAAAAAoAAAAAAAAAAAAAAAAAAAAKAAAAAAAAAAoAAAAAAAAAAAAAAACAAAABQAAAAAAAAAAAAAAAAAAAAUAAAAAAAAAAAAAAAAAAAAA5Nqm2le/FgDI5vrcV78WAKzyTt9XvxYAkP6i4Ve/FgDoRZvvV78WMzMzMzMz4z+amZmZmZnpP5qZmZmZmek/mpmZmZmZ6T/NzMzMzMwEQBAAAAAMABQAEgAMAAgABAAMAAAAEAAAACwAAAA8AAAAAAADAAEAAAAwAgAAAAAAAMAAAAAAAAAAUAAAAAAAAAAAAAAAAAAAAAAAAAAAAAoADAAAAAgABAAKAAAACAAAAGwAAAACAAAAKAAAAAQAAABs/v//CAAAAAwAAAAAAAAAAAAAAAUAAAByZWZJZAAAAIz+//8IAAAAKAAAAB8AAAB7bGV2ZWw9ImluZm8iLCBsb2NhdGlvbj0ibWFycyJ9AAQAAABuYW1lAAAAAAIAAAAUAQAABAAAAAb///8UAAAA3AAAANwAAAAAAAAD3AAAAAMAAABwAAAALAAAAAQAAAD8/v//CAAAABAAAAAFAAAAdmFsdWUAAAAEAAAAbmFtZQAAAAAg////CAAAACwAAAAiAAAAeyJsZXZlbCI6ImluZm8iLCJsb2NhdGlvbiI6Im1hcnMifQAABgAAAGxhYmVscwAAYP///wgAAABEAAAAOwAAAHsiZGlzcGxheU5hbWVGcm9tRFMiOiJ7bGV2ZWw9XCJpbmZvXCIsIGxvY2F0aW9uPVwibWFyc1wifSJ9AAYAAABjb25maWcAAAAAAACK////AAACAAUAAAB2YWx1ZQASABgAFAAAABMADAAAAAgABAASAAAAFAAAAEQAAABMAAAAAAAACkwAAAABAAAADAAAAAgADAAIAAQACAAAAAgAAAAQAAAABAAAAHRpbWUAAAAABAAAAG5hbWUAAAAAAAAAAAAABgAIAAYABgAAAAAAAwAEAAAAdGltZQAAAABQAgAAQVJST1cx
