ðŸŒŸ This was machine generated.  Do not edit. ðŸŒŸ

Frame[0] 
Name: {}
Dimensions: 2 Fields by 6 Rows
+-------------------------------+-----------------+
| Name: time                    | Name: value     |
| Labels:                       | Labels:         |
| Type: []time.Time             | Type: []float64 |
+-------------------------------+-----------------+
| 2022-01-24 08:54:13 +0000 UTC | 50              |
| 2022-01-24 08:59:13 +0000 UTC | 57              |
| 2022-01-24 09:04:13 +0000 UTC | 55              |
| 2022-01-24 09:34:13 +0000 UTC | 54              |
| 2022-01-24 09:39:13 +0000 UTC | 55              |
| 2022-01-24 09:44:13 +0000 UTC | 56              |
+-------------------------------+-----------------+


====== TEST DATA RESPONSE (arrow base64) ======
FRAME=QVJST1cxAAD/////yAEAABAAAAAAAAoADgAMAAsABAAKAAAAFAAAAAAAAAEEAAoADAAAAAgABAAKAAAACAAAAFAAAAACAAAAKAAAAAQAAADI/v//CAAAAAwAAAAAAAAAAAAAAAUAAAByZWZJZAAAAOj+//8IAAAADAAAAAIAAAB7fQAABAAAAG5hbWUAAAAAAgAAANQAAAAEAAAARv///xQAAACcAAAAnAAAAAAAAAOcAAAAAwAAAFAAAAAsAAAABAAAADz///8IAAAAEAAAAAUAAAB2YWx1ZQAAAAQAAABuYW1lAAAAAGD///8IAAAADAAAAAIAAAB7fQAABgAAAGxhYmVscwAAgP///wgAAAAkAAAAGgAAAHsiZGlzcGxheU5hbWVGcm9tRFMiOiJ7fSJ9AAAGAAAAY29uZmlnAAAAAAAAiv///wAAAgAFAAAAdmFsdWUAEgAYABQAAAATAAwAAAAIAAQAEgAAABQAAABEAAAATAAAAAAAAApMAAAAAQAAAAwAAAAIAAwACAAEAAgAAAAIAAAAEAAAAAQAAAB0aW1lAAAAAAQAAABuYW1lAAAAAAAAAAAAAAYACAAGAAYAAAAAAAMABAAAAHRpbWUAAAAAAAAAAP////+4AAAAFAAAAAAAAAAMABYAFAATAAwABAAMAAAAYAAAAAAAAAAUAAAAAAAAAwQACgAYAAwACAAEAAoAAAAUAAAAWAAAAAYAAAAAAAAAAAAAAAQAAAAAAAAAAAAAAAAAAAAAAAAAAAAAAAAAAAAwAAAAAAAAADAAAAAAAAAAAAAAAAAAAAAwAAAAAAAAADAAAAAAAAAAAAAAAAIAAAAGAAAAAAAAAAAAAAAAAAAABgAAAAAAAAAAAAAAAAAAAADS5Z/wKM0WAIpKeTYpzRYAQq9SfCnNFgCSC2sfK80WAEpwRGUrzRYAAtUdqyvNFgAAAAAAAElAAAAAAACATEAAAAAAAIBLQAAAAAAAAEtAAAAAAACAS0AAAAAAAABMQBAAAAAMABQAEgAMAAgABAAMAAAAEAAAACwAAAA4AAAAAAAEAAEAAADYAQAAAAAAAMAAAAAAAAAAYAAAAAAAAAAAAAAAAAAAAAAACgAMAAAACAAEAAoAAAAIAAAAUAAAAAIAAAAoAAAABAAAAMj+//8IAAAADAAAAAAAAAAAAAAABQAAAHJlZklkAAAA6P7//wgAAAAMAAAAAgAAAHt9AAAEAAAAbmFtZQAAAAACAAAA1AAAAAQAAABG////FAAAAJwAAACcAAAAAAAAA5wAAAADAAAAUAAAACwAAAAEAAAAPP///wgAAAAQAAAABQAAAHZhbHVlAAAABAAAAG5hbWUAAAAAYP///wgAAAAMAAAAAgAAAHt9AAAGAAAAbGFiZWxzAACA////CAAAACQAAAAaAAAAeyJkaXNwbGF5TmFtZUZyb21EUyI6Int9In0AAAYAAABjb25maWcAAAAAAACK////AAACAAUAAAB2YWx1ZQASABgAFAAAABMADAAAAAgABAASAAAAFAAAAEQAAABMAAAAAAAACkwAAAABAAAADAAAAAgADAAIAAQACAAAAAgAAAAQAAAABAAAAHRpbWUAAAAABAAAAG5hbWUAAAAAAAAAAAAABgAIAAYABgAAAAAAAwAEAAAAdGltZQAAAADwAQAAQVJST1cx
